// Jest Snapshot v1, https://goo.gl/fbAQLP

exports[`ImageField Snapshot 1`] = `
<div
  className="imageField"
>
  <img
    className="imageField__imageSlide"
  />
  <div
    className="imageField__imageShader"
  />
</div>
`;
