// Jest Snapshot v1, https://goo.gl/fbAQLP

exports[`OutlineButton Snapshot 1`] = `
<div
  className="projectsSection"
  id="portfolio"
>
  <h2
    className="projectsSection__header"
  >
    Projects
  </h2>
  <div
    className="projectsSection__content"
  >
    <_default
      key="0"
      stack=".NET Framework"
      style={
        Object {
          "animation": "fromLeftToCenter-noPop 1s ease-in-out forwards",
          "animationDelay": "0ms",
          "transform": "translateX(-100%)",
        }
      }
      title="AGW MES / WMS for automotive industry"
    />
    <_default
      key="1"
      stack=".NET Framework"
      style={
        Object {
          "animation": "fromRightToCenter-noPop 1s ease-in-out forwards",
          "animationDelay": "66.66666666666666ms",
          "transform": "translateX(100%)",
        }
      }
      title="AGW MES / WMS for automotive industry"
    />
  </div>
</div>
`;
