// Jest Snapshot v1, https://goo.gl/fbAQLP

exports[`MainLayout Snapshot 1`] = `
<div
  className="app"
>
  <HeaderContainer />
  <main
    className="app__mainContent"
  >
    content
  </main>
</div>
`;
