// Jest Snapshot v1, https://goo.gl/fbAQLP

exports[`OutlineButton should render correctly in "debug" mode 1`] = `
<button
  className="outlineButton outlineButton_undefined"
  onClick={[Function]}
  type="button"
>
  Caption
</button>
`;
