// Jest Snapshot v1, https://goo.gl/fbAQLP

exports[`ExperiencePage Snapshot 1`] = `
<div
  className="experiencePage"
>
  <div
    className="experiencePage__header"
  >
    Software Engineer
  </div>
  <div
    className="experiencePage__subheader"
  >
    <div
      className="experiencePage__label"
    >
      Company:
    </div>
    <div
      className="experiencePage__value"
    >
      OLSOM L.L.C
    </div>
  </div>
  <div
    className="experiencePage__field"
  >
    <div
      className="experiencePage__label"
    >
      Dates:
    </div>
    <div
      className="experiencePage__value"
    >
      2017
    </div>
  </div>
  <div
    className="experiencePage__field experiencePage__field_list"
  >
    <div
      className="experiencePage__label experiencePage__label_list"
    >
      Responsibilities:
    </div>
    <div
      className="experiencePage__value experiencePage__value_list"
    >
      <ul>
        <li
          key="0"
        >
          Development and support of the company's products: AGW modular complex solution for automotive industry; TDM (Tools Data Manager) for automotive industry
        </li>
        <li
          key="1"
        >
          Development and support of the client projects based on company's products (1-3-tier automotive manufacturers (Volkswagen, Opel, Tesla, etc.)
        </li>
        <li
          key="2"
        >
          Development of outsourced minor projects
        </li>
        <li
          key="3"
        >
          Development of internal tools
        </li>
      </ul>
    </div>
  </div>
  <div
    className="experiencePage__field experiencePage__field_list"
  >
    <div
      className="experiencePage__label experiencePage__label_list"
    >
      Projects:
    </div>
    <div
      className="experiencePage__value experiencePage__value_list"
    >
      <ul>
        <li
          key="agw"
        >
          <a
            className="experiencePage__link"
            href="https://oleksiikachan.com/projects/agw"
            rel="noopener noreferrer"
            target="_blank"
          >
            AGW modular complex solution for automotive industry
          </a>
        </li>
        <li
          key="ftp-service"
        >
          <a
            className="experiencePage__link"
            href="https://oleksiikachan.com/projects/ftp-service"
            rel="noopener noreferrer"
            target="_blank"
          >
            FTP Transfer Service
          </a>
        </li>
        <li
          key="tdm"
        >
          <a
            className="experiencePage__link"
            href="https://oleksiikachan.com/projects/tdm"
            rel="noopener noreferrer"
            target="_blank"
          >
            TDM (Tools Data Manager) for automotive industry
          </a>
        </li>
        <li
          key="cardboard-prod"
        >
          <a
            className="experiencePage__link"
            href="https://oleksiikachan.com/projects/cardboard-prod"
            rel="noopener noreferrer"
            target="_blank"
          >
            Corrugated Cardboard Production System
          </a>
        </li>
      </ul>
    </div>
  </div>
</div>
`;
